{"run_start_ts":"2025-01-21T15:42:23Z","run_end_ts":"2025-01-21T16:28:29Z","run_type":"MNIST Linear_1_784_256","git_repo_name":"tt-forge-fe","git_commit_hash":"f4660ec96ae842071e0bf2774bcee16c2ccb25f4","git_commit_ts":"2025-01-21T15:42:17Z","git_branch_name":"vcanic/upload_download_artifacts","github_pipeline_id":12890516473,"github_pipeline_link":"https://github.com/tenstorrent/tt-forge-fe/actions/runs/12890516473","github_job_id":35942438708,"user_name":"Vladimir Canic","docker_image":null,"device_hostname":"f10cs10-n150","device_ip":null,"device_info":{"device_name":"","galaxy":false,"arch":"","chips":1},"ml_model_name":"MNIST Linear","ml_model_type":"Classification, Random Input Data","num_layers":2,"batch_size":1,"config_params":{"model_size":"small"},"precision":"f32","dataset_name":"MNIST, Random Data","profiler_name":"","input_sequence_length":-1,"output_sequence_length":-1,"image_dimension":"784","perf_analysis":false,"training":false,"measurements":[{"step_start_ts":"2025-01-21T16:15:45.456000Z","step_end_ts":"2025-01-21T16:28:27Z","iteration":1,"step_name":"MNIST Linear","step_warm_up_num_iterations":0,"name":"total_samples","value":1.0,"target":-1.0,"device_power":-1.0,"device_temperature":-1.0},{"step_start_ts":"2025-01-21T16:15:45.456000Z","step_end_ts":"2025-01-21T16:28:27Z","iteration":1,"step_name":"MNIST Linear","step_warm_up_num_iterations":0,"name":"total_time","value":4.403037786483765,"target":-1.0,"device_power":-1.0,"device_temperature":-1.0}]}
